pyinstaller : 258 INFO: PyInstaller: 6.19.0, contrib hooks: 2026.3
위치 줄:1 문자:1
+ pyinstaller build.spec --noconfirm --distpath Output\_staging > build ...
+ ~~~~~~~~~~~~~~~~~~~~~~~~~~~~~~~~~~~~~~~~~~~~~~~~~~~~~~~~~~~~~~~~~~~~~
    + CategoryInfo          : NotSpecified: (258 INFO: PyIns...b hooks: 2026.3:String) [], RemoteException
    + FullyQualifiedErrorId : NativeCommandError
 
259 INFO: Python: 3.13.12
363 INFO: Platform: Windows-11-10.0.26200-SP0
363 INFO: Python environment: C:\Users\kimsb.ADSERVICE\AppData\Local\Programs\Python\Python313
374 INFO: Module search paths (PYTHONPATH):
['C:\\Users\\kimsb.ADSERVICE\\AppData\\Local\\Programs\\Python\\Python313\\Scripts\\pyinstaller.exe',
 'C:\\Users\\kimsb.ADSERVICE\\AppData\\Local\\Programs\\Python\\Python313\\python313.zip',
 'C:\\Users\\kimsb.ADSERVICE\\AppData\\Local\\Programs\\Python\\Python313\\DLLs',
 'C:\\Users\\kimsb.ADSERVICE\\AppData\\Local\\Programs\\Python\\Python313\\Lib',
 'C:\\Users\\kimsb.ADSERVICE\\AppData\\Local\\Programs\\Python\\Python313',
 'C:\\Users\\kimsb.ADSERVICE\\AppData\\Local\\Programs\\Python\\Python313\\Lib\\site-packages',
 'C:\\Users\\kimsb.ADSERVICE\\AppData\\Local\\Programs\\Python\\Python313\\Lib\\site-packages\\win32',
 'C:\\Users\\kimsb.ADSERVICE\\AppData\\Local\\Programs\\Python\\Python313\\Lib\\site-packages\\win32\\lib',
 'C:\\Users\\kimsb.ADSERVICE\\AppData\\Local\\Programs\\Python\\Python313\\Lib\\site-packages\\Pythonwin',
 'C:\\antigravity\\misspelling checker\\src']
C:\Users\kimsb.ADSERVICE\AppData\Local\Programs\Python\Python313\Lib\site-packages\pygame\pkgdata.py:25: UserWarning: p
kg_resources is deprecated as an API. See https://setuptools.pypa.io/en/latest/pkg_resources.html. The pkg_resources pa
ckage is slated for removal as early as 2025-11-30. Refrain from using this package or pin to Setuptools<81.
  from pkg_resources import resource_stream, resource_exists
pygame 2.6.1 (SDL 2.28.4, Python 3.13.12)
Hello from the pygame community. https://www.pygame.org/contribute.html
1249 INFO: Appending 'datas' from .spec
1517 INFO: checking Analysis
1760 INFO: checking PYZ
1782 INFO: checking PKG
1783 INFO: Bootloader C:\Users\kimsb.ADSERVICE\AppData\Local\Programs\Python\Python313\Lib\site-packages\PyInstaller\bo
otloader\Windows-64bit-intel\runw.exe
1783 INFO: checking EXE
1826 INFO: checking COLLECT
1879 INFO: Removing dir C:\antigravity\misspelling checker\Output\_staging\MisspellingChecker
4857 INFO: Building COLLECT COLLECT-00.toc
15354 INFO: Building COLLECT COLLECT-00.toc completed successfully.
15453 INFO: Build complete! The results are available in: C:\antigravity\misspelling checker\Output\_staging
Exit Code: 0
